Copyright 1986-2018 Xilinx, Inc. All Rights Reserved.
------------------------------------------------------------------------------------------------------------------------
| Tool Version : Vivado v.2018.2 (lin64) Build 2258646 Thu Jun 14 20:02:38 MDT 2018
| Date         : Thu Oct  4 22:00:04 2018
| Host         : tansell.pao.corp.google.com running 64-bit Debian GNU/Linux rodete (upgraded from: Ubuntu 14.04.5 LTS)
| Command      : report_control_sets -verbose -file top_control_sets.rpt
| Design       : top
| Device       : xc7a35t
------------------------------------------------------------------------------------------------------------------------

Control Set Information

Table of Contents
-----------------
1. Summary
2. Histogram
3. Flip-Flop Distribution
4. Detailed Control Set Information

1. Summary
----------

+----------------------------------------------------------+-------+
|                          Status                          | Count |
+----------------------------------------------------------+-------+
| Number of unique control sets                            |   227 |
| Unused register locations in slices containing registers |   396 |
+----------------------------------------------------------+-------+


2. Histogram
------------

+--------+--------------+
| Fanout | Control Sets |
+--------+--------------+
|      2 |           17 |
|      4 |           12 |
|      6 |           41 |
|      8 |           30 |
|     10 |            4 |
|     12 |            8 |
|     14 |            1 |
|    16+ |          114 |
+--------+--------------+


3. Flip-Flop Distribution
-------------------------

+--------------+-----------------------+------------------------+-----------------+--------------+
| Clock Enable | Synchronous Set/Reset | Asynchronous Set/Reset | Total Registers | Total Slices |
+--------------+-----------------------+------------------------+-----------------+--------------+
| No           | No                    | No                     |            1872 |          430 |
| No           | No                    | Yes                    |               8 |            2 |
| No           | Yes                   | No                     |               0 |            0 |
| Yes          | No                    | No                     |            5164 |         1159 |
| Yes          | No                    | Yes                    |               0 |            0 |
| Yes          | Yes                   | No                     |               0 |            0 |
+--------------+-----------------------+------------------------+-----------------+--------------+


4. Detailed Control Set Information
-----------------------------------

+--------------+---------------------------------------------------+-----------------------------------+------------------+----------------+
| Clock Signal |                   Enable Signal                   |          Set/Reset Signal         | Slice Load Count | Bel Load Count |
+--------------+---------------------------------------------------+-----------------------------------+------------------+----------------+
|  clk200_clk  |                                                   |                                   |                1 |              2 |
|  sys_clk     | lm32_cpu/instruction_unit/icache/$abc$59683$n14   |                                   |                1 |              2 |
|  sys_clk     | lm32_cpu/load_store_unit/dcache/$abc$59575$n5     |                                   |                1 |              2 |
|  sys_clk     | lm32_cpu/load_store_unit/dcache/$abc$59575$n7     |                                   |                1 |              2 |
|  sys_clk     | lm32_cpu/load_store_unit/$abc$59780$n0            |                                   |                1 |              2 |
|  sys_clk     | $abc$62932$n1835                                  |                                   |                1 |              2 |
|  sys_clk     | lm32_cpu/instruction_unit/$abc$59187$n8           |                                   |                1 |              2 |
|  sys_clk     | lm32_cpu/load_store_unit/$abc$59780$n2            |                                   |                1 |              2 |
|  sys_clk     | lm32_cpu/instruction_unit/$abc$59187$n20          |                                   |                1 |              2 |
|  sys_clk     | lm32_cpu/interrupt_unit/$abc$61405$n81            |                                   |                1 |              2 |
|  sys_clk     | lm32_cpu/interrupt_unit/$abc$61405$n89            |                                   |                1 |              2 |
|  sys_clk     | $abc$62932$n1871                                  |                                   |                1 |              2 |
|  sys_clk     | $abc$62932$n2087                                  |                                   |                1 |              2 |
|  sys_clk     | $abc$62932$n2093                                  |                                   |                1 |              2 |
|  sys_clk     | $abc$62932$n2212                                  |                                   |                1 |              2 |
|  sys_clk     | lm32_cpu/$abc$60122$n139                          |                                   |                1 |              2 |
|  sys_clk     | $abc$62932$n2201                                  |                                   |                1 |              2 |
|  sys_clk     | $abc$62932$n2238                                  |                                   |                1 |              4 |
|  sys_clk     | lm32_cpu/instruction_unit/$abc$59187$n6           |                                   |                1 |              4 |
|  sys_clk     | lm32_cpu/load_store_unit/$abc$59780$n10           |                                   |                1 |              4 |
|  sys_clk     | $abc$62932$n1924                                  |                                   |                1 |              4 |
|  sys_clk     | lm32_cpu/instruction_unit/icache/$abc$59683$n13   |                                   |                1 |              4 |
|  sys_clk     | $abc$62932$n2013                                  |                                   |                1 |              4 |
|  sys_clk     | $abc$62932$n2147                                  |                                   |                1 |              4 |
|  sys_clk     | lm32_cpu/load_store_unit/dcache/$abc$59575$n8     |                                   |                1 |              4 |
|  clk200_clk  |                                                   | xilinxasyncresetsynchronizerimpl0 |                1 |              4 |
|  sys_clk     | $abc$62932$n1700                                  |                                   |                2 |              4 |
|  sys_clk     |                                                   | xilinxasyncresetsynchronizerimpl0 |                1 |              4 |
|  sys_clk     | lm32_cpu/mc_arithmetic/$abc$61533$n24             |                                   |                1 |              4 |
|  sys_clk     | $abc$62932$n1282                                  |                                   |                1 |              6 |
|  sys_clk     | $abc$62932$n1374                                  |                                   |                1 |              6 |
|  sys_clk     | $abc$62932$n1345                                  |                                   |                1 |              6 |
|  sys_clk     | $abc$62932$n1327                                  |                                   |                1 |              6 |
|  sys_clk     | $abc$62932$n1341                                  |                                   |                1 |              6 |
|  sys_clk     | $abc$62932$n1261                                  |                                   |                1 |              6 |
|  sys_clk     | $abc$62932$n1300                                  |                                   |                1 |              6 |
|  sys_clk     | $abc$62932$n1672                                  |                                   |                3 |              6 |
|  sys_clk     | $abc$62932$n1293                                  |                                   |                1 |              6 |
|  sys_clk     | $abc$62932$n1325                                  |                                   |                1 |              6 |
|  sys_clk     | $abc$62932$n1265                                  |                                   |                1 |              6 |
|  sys_clk     | $abc$62932$n1289                                  |                                   |                1 |              6 |
|  sys_clk     | $abc$62932$n1313                                  |                                   |                1 |              6 |
|  sys_clk     | $abc$62932$n1875                                  |                                   |                1 |              6 |
|  sys_clk     | $abc$62932$n1323                                  |                                   |                1 |              6 |
|  sys_clk     | $abc$62932$n1275                                  |                                   |                2 |              6 |
|  sys_clk     | $abc$62932$n69                                    |                                   |                1 |              6 |
|  sys_clk     | $abc$62932$n97                                    |                                   |                1 |              6 |
|  sys_clk     | $abc$62932$n41                                    |                                   |                1 |              6 |
|  sys_clk     | $abc$62932$n1304                                  |                                   |                1 |              6 |
|  sys_clk     | $abc$62932$n1376                                  |                                   |                1 |              6 |
|  sys_clk     | $abc$62932$n2414                                  |                                   |                3 |              6 |
|  sys_clk     | $abc$62932$n1566                                  |                                   |                1 |              6 |
|  sys_clk     | $abc$62932$n1761                                  |                                   |                2 |              6 |
|  sys_clk     | lm32_cpu/load_store_unit/dcache/$abc$59575$n32    |                                   |                1 |              6 |
|  sys_clk     | $abc$62932$n1252                                  |                                   |                1 |              6 |
|  sys_clk     | $abc$62932$n1436                                  |                                   |                1 |              6 |
|  sys_clk     | $abc$62932$n1248                                  |                                   |                1 |              6 |
|  sys_clk     | $abc$62932$n1430                                  |                                   |                1 |              6 |
|  sys_clk     | $abc$62932$n1453                                  |                                   |                1 |              6 |
|  sys_clk     | $abc$62932$n103                                   |                                   |                1 |              6 |
|  sys_clk     | $abc$62932$n1236                                  |                                   |                1 |              6 |
|  sys_clk     | $abc$62932$n1197                                  |                                   |                1 |              6 |
|  sys_clk     | $abc$62932$n1238                                  |                                   |                1 |              6 |
|  sys_clk     | $abc$62932$n1488                                  |                                   |                1 |              6 |
|  sys_clk     | $abc$62932$n1424                                  |                                   |                1 |              6 |
|  sys_clk     | $abc$62932$n1494                                  |                                   |                1 |              6 |
|  sys_clk     | $abc$62932$n1521                                  |                                   |                1 |              6 |
|  sys_clk     | $abc$62932$n2244                                  |                                   |                1 |              6 |
|  sys_clk     | $abc$62932$n1439                                  |                                   |                1 |              6 |
|  sys_clk     | $abc$62932$n1455                                  |                                   |                1 |              6 |
|  sys_clk     | $abc$62932$n2340                                  |                                   |                2 |              8 |
|  sys_clk     | $abc$62932$n2500                                  |                                   |                3 |              8 |
|  sys_clk     | $abc$62932$n2386                                  |                                   |                3 |              8 |
|  sys_clk     | $abc$62932$n1348                                  |                                   |                2 |              8 |
|  sys_clk     | $abc$62932$n2187                                  |                                   |                3 |              8 |
|  sys_clk     | $abc$62932$n1554                                  |                                   |                2 |              8 |
|  sys_clk     | $abc$62932$n2222                                  |                                   |                4 |              8 |
|  sys_clk     | $abc$62932$n1319                                  |                                   |                2 |              8 |
|  sys_clk     | $abc$62932$n1484                                  |                                   |                2 |              8 |
|  sys_clk     | $abc$62932$n121                                   |                                   |                2 |              8 |
|  sys_clk     | $abc$62932$n1279                                  |                                   |                2 |              8 |
|  sys_clk     | $abc$62932$n2276                                  |                                   |                3 |              8 |
|  sys_clk     | $abc$62932$n1149                                  |                                   |                3 |              8 |
|  sys_clk     | $abc$62932$n1438                                  |                                   |                2 |              8 |
|  sys_clk     | $abc$62932$n2486                                  |                                   |                2 |              8 |
|  sys_clk     | $abc$62932$n1244                                  |                                   |                2 |              8 |
|  sys_clk     | $abc$62932$n1196                                  |                                   |                1 |              8 |
|  sys_clk     | $abc$62932$n1303                                  |                                   |                2 |              8 |
|  sys_clk     | $abc$62932$n2024                                  |                                   |                1 |              8 |
|  sys_clk     | $abc$62932$n1930                                  |                                   |                2 |              8 |
|  sys_clk     | $abc$62932$n2026                                  |                                   |                1 |              8 |
|  sys_clk     | $abc$62932$n2022                                  |                                   |                2 |              8 |
|  sys_clk     | $abc$62932$n2203                                  |                                   |                1 |              8 |
|  sys_clk     | $abc$62932$n2226                                  |                                   |                2 |              8 |
|  sys_clk     | $abc$62932$n2236                                  |                                   |                1 |              8 |
|  sys_clk     | $abc$62932$n2046                                  |                                   |                1 |              8 |
|  sys_clk     | $abc$62932$n2042                                  |                                   |                1 |              8 |
|  sys_clk     | lm32_cpu/instruction_unit/icache/$abc$59683$n37   |                                   |                2 |              8 |
|  sys_clk     | $abc$62932$n1944                                  |                                   |                2 |              8 |
|  clk200_clk  | $abc$62932$n1674                                  |                                   |                2 |              8 |
|  sys_clk     | $abc$62932$n111                                   |                                   |                2 |             10 |
|  sys_clk     | $abc$62932$n2043                                  |                                   |                2 |             10 |
|  sys_clk     | $abc$62932$n1844                                  |                                   |                2 |             10 |
|  sys_clk     | $abc$62932$n2019                                  |                                   |                3 |             10 |
|  sys_clk     | $abc$62932$n29                                    |                                   |                1 |             12 |
|  sys_clk     | $abc$62932$n2240                                  |                                   |                1 |             12 |
|  sys_clk     | $abc$62932$n67                                    |                                   |                1 |             12 |
|  sys_clk     | $abc$62932$n65                                    |                                   |                1 |             12 |
|  sys_clk     | $abc$62932$n83                                    |                                   |                2 |             12 |
|  sys_clk     | $abc$62932$n2                                     |                                   |                2 |             12 |
|  sys_clk     | $abc$62932$n2242                                  |                                   |                3 |             12 |
|  sys_clk     | $abc$62932$n89                                    |                                   |                1 |             12 |
|  sys_clk     | $abc$62932$n2096                                  |                                   |                2 |             14 |
|  sys_clk     | $abc$62932$n2207                                  |                                   |                5 |             16 |
|  sys_clk     | $abc$62932$n2075                                  |                                   |                2 |             16 |
|  sys_clk     | $abc$62932$n2085                                  |                                   |                1 |             16 |
|  sys_clk     | $abc$62932$n2077                                  |                                   |                3 |             16 |
|  sys_clk     | $abc$62932$n2079                                  |                                   |                3 |             16 |
|  sys_clk     | $abc$62932$n2091                                  |                                   |                4 |             16 |
|  sys_clk     | $abc$62932$n1917                                  |                                   |                3 |             16 |
|  sys_clk     | $abc$62932$n2045                                  |                                   |                3 |             16 |
|  sys_clk     | $abc$62932$n2176                                  |                                   |                4 |             16 |
|  sys_clk     | $abc$62932$n2073                                  |                                   |                3 |             16 |
|  sys_clk     | $abc$62932$n2250                                  |                                   |                1 |             16 |
|  sys_clk     | $abc$62932$n2252                                  |                                   |                2 |             16 |
|  sys_clk     | $abc$62932$n2248                                  |                                   |                3 |             16 |
|  sys_clk     | $abc$62932$n2048                                  |                                   |                1 |             16 |
|  sys_clk     | $abc$62932$n1926                                  |                                   |                4 |             16 |
|  sys_clk     | $abc$62932$n1928                                  |                                   |                4 |             16 |
|  sys_clk     | $abc$62932$n2246                                  |                                   |                2 |             16 |
|  sys_clk     | $abc$62932$n1911                                  |                                   |                3 |             16 |
|  sys_clk     | $abc$62932$n1939                                  |                                   |                2 |             16 |
|  sys_clk     | $abc$62932$n1921                                  |                                   |                2 |             16 |
|  sys_clk     | $abc$62932$n1909                                  |                                   |                2 |             16 |
|  sys_clk     | $abc$62932$n81                                    |                                   |                2 |             16 |
|  sys_clk     | $abc$62932$n2260                                  |                                   |                2 |             16 |
|  sys_clk     | $abc$62932$n15                                    |                                   |                3 |             16 |
|  sys_clk     | $abc$62932$n1946                                  |                                   |                2 |             16 |
|  sys_clk     | $abc$62932$n2011                                  |                                   |                2 |             16 |
|  sys_clk     | $abc$62932$n1999                                  |                                   |                2 |             16 |
|  sys_clk     | $abc$62932$n95                                    |                                   |                2 |             16 |
|  sys_clk     | $abc$62932$n93                                    |                                   |                3 |             16 |
|  sys_clk     | lm32_cpu/load_store_unit/dcache/$abc$59575$n36    |                                   |                4 |             16 |
|  sys_clk     | $abc$62932$n58                                    |                                   |                3 |             16 |
|  sys_clk     | $abc$62932$n51                                    |                                   |                2 |             16 |
|  sys_clk     | $abc$62932$n71                                    |                                   |                1 |             16 |
|  sys_clk     | $abc$62932$n85                                    |                                   |                3 |             16 |
|  sys_clk     | $abc$62932$n87                                    |                                   |                2 |             16 |
|  sys_clk     | $abc$62932$n79                                    |                                   |                3 |             16 |
|  sys_clk     | $abc$62932$n77                                    |                                   |                2 |             16 |
|  sys_clk     | $abc$62932$n75                                    |                                   |                2 |             16 |
|  sys_clk     | $abc$62932$n73                                    |                                   |                1 |             16 |
|  sys_clk     | $abc$62932$n39                                    |                                   |                2 |             16 |
|  sys_clk     | $abc$62932$n1907                                  |                                   |                3 |             16 |
|  sys_clk     | lm32_cpu/instruction_unit/icache/$abc$59683$n22   |                                   |                2 |             16 |
|  sys_clk     | $abc$62932$n49                                    |                                   |                2 |             16 |
|  sys_clk     | $abc$62932$n2232                                  |                                   |                4 |             16 |
|  sys_clk     | $abc$62932$n2107                                  |                                   |                3 |             24 |
|  sys_clk     | $abc$62932$n2113                                  |                                   |                3 |             24 |
|  sys_clk     | $abc$62932$n2145                                  |                                   |                3 |             24 |
|  sys_clk     | $abc$62932$n2115                                  |                                   |                5 |             24 |
|  sys_clk     | $abc$62932$n1482                                  |                                   |                5 |             28 |
|  sys_clk     | $abc$62932$n1523                                  |                                   |                5 |             28 |
|  sys_clk     | $abc$62932$n1426                                  |                                   |                6 |             28 |
|  sys_clk     | $abc$62932$n1242                                  |                                   |                5 |             28 |
|  sys_clk     | $abc$62932$n1337                                  |                                   |                3 |             28 |
|  sys_clk     | $abc$62932$n1309                                  |                                   |                4 |             28 |
|  sys_clk     | $abc$62932$n1285                                  |                                   |                6 |             28 |
|  sys_clk     | $abc$62932$n1263                                  |                                   |                4 |             28 |
|  sys_clk     | basesoc_uart_rx_fifo_wrport_we                    |                                   |                4 |             32 |
|  sys_clk     | basesoc_uart_tx_fifo_wrport_we                    |                                   |                4 |             32 |
|              |                                                   |                                   |                4 |             32 |
|  sys_clk     | $abc$62932$n2174                                  |                                   |                7 |             40 |
|  sys_clk     | $abc$62932$n2191                                  |                                   |                9 |             40 |
|  sys_clk     | $abc$62932$n2185                                  |                                   |                9 |             40 |
|  sys_clk     | $abc$62932$n2181                                  |                                   |                7 |             40 |
|  sys_clk     | $abc$62932$n1254                                  |                                   |               13 |             46 |
|  sys_clk     | $abc$62932$n1281                                  |                                   |               12 |             46 |
|  sys_clk     | lm32_cpu/$abc$60122$n143                          |                                   |               12 |             46 |
|  sys_clk     | $abc$62932$n1306                                  |                                   |               14 |             46 |
|  sys_clk     | $abc$62932$n1449                                  |                                   |               12 |             46 |
|  sys_clk     | $abc$62932$n1493                                  |                                   |               11 |             46 |
|  sys_clk     | $abc$62932$n1226                                  |                                   |               13 |             46 |
|  sys_clk     | $abc$62932$n1335                                  |                                   |               11 |             46 |
|  sys_clk     | $abc$62932$n1428                                  |                                   |               12 |             46 |
|  sys_clk     | $abc$62932$n2208                                  |                                   |               12 |             48 |
|  sys_clk     | $abc$62932$n1952                                  |                                   |                7 |             48 |
|  sys_clk     | $abc$62932$n1948                                  |                                   |                7 |             48 |
|  sys_clk     | lm32_cpu/instruction_unit/$abc$59187$n33          |                                   |               14 |             56 |
|  sys_clk     | lm32_cpu/load_store_unit/dcache/$abc$59575$n18    |                                   |                9 |             56 |
|  sys_clk     | lm32_cpu/$abc$60122$n133                          |                                   |               17 |             60 |
|  sys_clk     | lm32_cpu/instruction_unit/$abc$59187$n26          |                                   |               10 |             60 |
|  sys_clk     | lm32_cpu/instruction_unit/$abc$59187$n22          |                                   |               29 |             60 |
|  sys_clk     | lm32_cpu/instruction_unit/icache/$abc$59683$n19   |                                   |                8 |             60 |
|  sys_clk     | lm32_cpu/instruction_unit/$abc$59187$n30          |                                   |               12 |             60 |
|  sys_clk     | lm32_cpu/instruction_unit/$abc$59187$n28          |                                   |               15 |             60 |
|  sys_clk     | lm32_cpu/load_store_unit/$abc$59780$n16           |                                   |               13 |             64 |
|  sys_clk     | lm32_cpu/load_store_unit/$abc$59780$n158          |                                   |               11 |             64 |
|  sys_clk     | $abc$62932$n2095                                  |                                   |               16 |             64 |
|  sys_clk     | lm32_cpu/multiplier/$abc$61753$n2                 |                                   |               17 |             64 |
|  sys_clk     | lm32_cpu/interrupt_unit/$abc$61405$n103           |                                   |               25 |             64 |
|  sys_clk     | lm32_cpu/mc_arithmetic/$abc$61533$n4              |                                   |               11 |             64 |
|  sys_clk     | lm32_cpu/load_store_unit/$abc$59780$n6            |                                   |               12 |             64 |
|  sys_clk     | lm32_cpu/mc_arithmetic/$abc$61533$n10             |                                   |               12 |             64 |
|  sys_clk     | lm32_cpu/instruction_unit/$abc$59187$n9           |                                   |                9 |             64 |
|  sys_clk     | $abc$62932$n1919                                  |                                   |                9 |             64 |
|  sys_clk     | lm32_cpu/shifter/$abc$62788$n2                    |                                   |               18 |             66 |
|  sys_clk     | lm32_cpu/load_store_unit/$abc$59780$n18           |                                   |               17 |             82 |
|  sys_clk     | sdram_bankmachine4_cmd_buffer_lookahead_wrport_we |                                   |               11 |             88 |
|  sys_clk     | sdram_bankmachine2_cmd_buffer_lookahead_wrport_we |                                   |               11 |             88 |
|  sys_clk     | sdram_bankmachine3_cmd_buffer_lookahead_wrport_we |                                   |               11 |             88 |
|  sys_clk     | sdram_bankmachine1_cmd_buffer_lookahead_wrport_we |                                   |               11 |             88 |
|  sys_clk     | sdram_bankmachine5_cmd_buffer_lookahead_wrport_we |                                   |               11 |             88 |
|  sys_clk     | sdram_bankmachine0_cmd_buffer_lookahead_wrport_we |                                   |               11 |             88 |
|  sys_clk     | sdram_bankmachine6_cmd_buffer_lookahead_wrport_we |                                   |               11 |             88 |
|  sys_clk     | sdram_bankmachine7_cmd_buffer_lookahead_wrport_we |                                   |               11 |             88 |
|  sys_clk     | $abc$62932$n2020                                  |                                   |               16 |             96 |
|  sys_clk     | $abc$62932$n1950                                  |                                   |               21 |             96 |
|  sys_clk     | $abc$62932$n2098                                  |                                   |               26 |            114 |
|  sys_clk     | lm32_cpu/instruction_unit/$abc$59187$n32          |                                   |               30 |            126 |
|  sys_clk     | lm32_cpu/multiplier/$abc$61753$n4                 |                                   |               39 |            128 |
|  sys_clk     | lm32_cpu/mc_arithmetic/$abc$61533$n23             |                                   |               21 |            140 |
|  sys_clk     | lm32_cpu/$abc$60122$n141                          |                                   |               44 |            164 |
|  sys_clk     | lm32_cpu/reg_write_enable_q_w                     |                                   |               32 |            256 |
|  sys_clk     | $abc$62932$n91                                    |                                   |               69 |            256 |
|  sys_clk     | lm32_cpu/$abc$60122$n135                          |                                   |              121 |            334 |
|  sys_clk     |                                                   |                                   |              429 |           1870 |
+--------------+---------------------------------------------------+-----------------------------------+------------------+----------------+


